<?php return array (
  0 => 'Symfony\\Bundle\\FrameworkBundle\\Controller\\AbstractController',
  1 => 'App\\Controller\\BoissonController',
  2 => 'App\\Controller\\CommandeAction',
  3 => 'App\\Controller\\EditProduitAction',
  4 => 'App\\Controller\\MenuController',
  5 => 'App\\Controller\\RegistrationsController',
  6 => 'App\\Controller\\VerifyEmailAction',
  7 => 'App\\Entity\\Boisson',
  8 => 'App\\Entity\\BoissonTaille',
  9 => 'App\\Entity\\Burger',
  10 => 'App\\Entity\\Catalogue',
  11 => 'App\\Entity\\Client',
  12 => 'App\\Entity\\Commande',
  13 => 'App\\Entity\\CommandeBoissonTaille',
  14 => 'App\\Entity\\CommandeBurger',
  15 => 'App\\Entity\\CommandeMenu',
  16 => 'App\\Entity\\CommandeMenuBoissonTaille',
  17 => 'App\\Entity\\CommandePortionFrites',
  18 => 'App\\Entity\\CommandeProduit',
  19 => 'App\\Entity\\Complement',
  20 => 'App\\Entity\\Livraison',
  21 => 'App\\Entity\\Livreur',
  22 => 'App\\Entity\\Menu',
  23 => 'App\\Entity\\MenuBurger',
  24 => 'App\\Entity\\MenuPortionFrites',
  25 => 'App\\Entity\\MenuTaille',
  26 => 'App\\Entity\\PortionFrites',
  27 => 'App\\Entity\\Produit',
  28 => 'App\\Entity\\Quartier',
  29 => 'App\\Entity\\Taille',
  30 => 'App\\Entity\\User',
  31 => 'App\\Entity\\Zone',
  32 => 'Doctrine\\Bundle\\DoctrineBundle\\Controller\\ProfilerController',
  33 => 'Doctrine\\ORM\\Cache\\Persister\\Entity\\AbstractEntityPersister',
  34 => 'Doctrine\\ORM\\Cache\\Persister\\Entity\\CachedEntityPersister',
  35 => 'Doctrine\\ORM\\Cache\\Persister\\Entity\\NonStrictReadWriteCachedEntityPersister',
  36 => 'Doctrine\\ORM\\Cache\\Persister\\Entity\\ReadOnlyCachedEntityPersister',
  37 => 'Doctrine\\ORM\\Cache\\Persister\\Entity\\ReadWriteCachedEntityPersister',
  38 => 'Doctrine\\ORM\\Persisters\\Entity\\AbstractEntityInheritancePersister',
  39 => 'Doctrine\\ORM\\Persisters\\Entity\\BasicEntityPersister',
  40 => 'Doctrine\\ORM\\Persisters\\Entity\\CachedPersisterContext',
  41 => 'Doctrine\\ORM\\Persisters\\Entity\\EntityPersister',
  42 => 'Doctrine\\ORM\\Persisters\\Entity\\JoinedSubclassPersister',
  43 => 'Doctrine\\ORM\\Persisters\\Entity\\SingleTablePersister',
  45 => 'Symfony\\Bundle\\FrameworkBundle\\Controller\\ControllerResolver',
  46 => 'Symfony\\Bundle\\FrameworkBundle\\Controller\\RedirectController',
  47 => 'Symfony\\Bundle\\FrameworkBundle\\Controller\\TemplateController',
  48 => 'Symfony\\Component\\HttpKernel\\Controller\\ArgumentResolver',
  49 => 'Symfony\\Component\\HttpKernel\\Controller\\ArgumentResolverInterface',
  50 => 'Symfony\\Component\\HttpKernel\\Controller\\ArgumentResolver\\BackedEnumValueResolver',
  51 => 'Symfony\\Component\\HttpKernel\\Controller\\ArgumentResolver\\DateTimeValueResolver',
  52 => 'Symfony\\Component\\HttpKernel\\Controller\\ArgumentResolver\\DefaultValueResolver',
  53 => 'Symfony\\Component\\HttpKernel\\Controller\\ArgumentResolver\\NotTaggedControllerValueResolver',
  54 => 'Symfony\\Component\\HttpKernel\\Controller\\ArgumentResolver\\RequestAttributeValueResolver',
  55 => 'Symfony\\Component\\HttpKernel\\Controller\\ArgumentResolver\\RequestValueResolver',
  56 => 'Symfony\\Component\\HttpKernel\\Controller\\ArgumentResolver\\ServiceValueResolver',
  57 => 'Symfony\\Component\\HttpKernel\\Controller\\ArgumentResolver\\SessionValueResolver',
  58 => 'Symfony\\Component\\HttpKernel\\Controller\\ArgumentResolver\\TraceableValueResolver',
  59 => 'Symfony\\Component\\HttpKernel\\Controller\\ArgumentResolver\\UidValueResolver',
  60 => 'Symfony\\Component\\HttpKernel\\Controller\\ArgumentResolver\\VariadicValueResolver',
  61 => 'Symfony\\Component\\HttpKernel\\Controller\\ArgumentValueResolverInterface',
  62 => 'Symfony\\Component\\HttpKernel\\Controller\\ContainerControllerResolver',
  63 => 'Symfony\\Component\\HttpKernel\\Controller\\ControllerReference',
  64 => 'Symfony\\Component\\HttpKernel\\Controller\\ControllerResolver',
  65 => 'Symfony\\Component\\HttpKernel\\Controller\\ControllerResolverInterface',
  66 => 'Symfony\\Component\\HttpKernel\\Controller\\ErrorController',
  67 => 'Symfony\\Component\\HttpKernel\\Controller\\TraceableArgumentResolver',
  68 => 'Symfony\\Component\\HttpKernel\\Controller\\TraceableControllerResolver',
  69 => 'Symfony\\Component\\Security\\Http\\Controller\\UserValueResolver',
  70 => 'Vich\\UploaderBundle\\Entity\\File',
);